
as12, an absolute assembler for Motorola MCU's, version 1.2h

                        ;*******************************************************************************
                        ;                          Control de Nivel
                        ; Autora: Danna Guevara Quesada C23562
                        ;*******************************************************************************
                        #include registers.inc
                        ; Memory maps and register equates
                        ; Choose one of DBUG12MAP (normal operation under DBUG12)
                        ;               EEPROMMAP  (DBUG12 in EEPROM mode)
                        ;               FLASHMAP   (Program loaded into Flash ROM)
0000                    DBUG12MAP equ 0        ; Memory mode is DBUG12MAP
                        ; EEPROMMAP equ 0         ; Memory mode is EEPROMMAP
                        #ifdef DBUG12MAP
0000                    REGBASE        equ        $0        ; register base
1000                    DATASTART equ        $1000        ; Start of data memory
2000                    DATAEND  equ        $2000        ; Stack pointer initial value (end of data RAM area)
2000                    PRSTART equ        $2000        ; Start of program memory (might be ROM)
3bff                    PREND        equ        $3BFF        ; End of program memory
                        
                        ; Functions in D-Bug12
ee84                    Getchar        equ        $EE84        ; Implemented in emulator
ee86                    Putchar equ        $EE86   ; Implemented in emulator
ee88                    Printf  equ     $EE88
ee8a                    GetCmdLine equ  $EE8A   ; FAR call
ee8e                    Sscanhex equ        $EE8E   ; FAR call
ee92                    Isxdigit equ    $EE92
ee94                    Toupper equ     $EE94
ee96                    Isalpha equ     $EE96
ee98                    Strlen  equ     $EE98
ee9a                    Strcpy  equ     $EE9A
ee9c                    Out2hex equ     $EE9C   ; FAR call
eea0                    Out4hex equ     $EEA0   ; FAR call
eea4                    SetUserVector equ $EEA4 ; No longer used
eea6                    WriteEEByte equ $EEA6   ; FAR call
eeaa                    EraseEE equ     $EEAA   ; FAR call
eeae                    ReadMem equ     $EEAE   ; FAR call
eeb2                    WriteMem equ    $EEB2   ; FAR call
                        
3e00                    VECTORTABLE equ $3E00        ; Vectors go here SHOULD ALSO INITIALIZE AT RUNTIME
0000                    STATICVECTORS equ 0        ; Define vectors statically (in "ROM")
0000                    INITIALIZEVECTORS equ 0        ; Initialize vectors at runtime
                        #endif
                        
                        #ifdef EEPROMMAP
                        REGBASE        equ        $0        ; register base MAY BE MOVED TO MAKE FULL EEPROM ACCESSABLE
                        DATASTART equ        $1000        ; Start of data memory
                        DATAEND  equ        $3E00        ; Stack pointer initial value (end of data RAM area)
                        PRSTART equ        $400        ; Start of program memory
                        PREND        equ        $FFF        ; End of program memory
                        
                        VECTORTABLE equ $3E00        ; Vectors go here -- MUST BE INITIALIZED AT RUNTIME
                        INITIALIZEVECTORS equ 0        ; Initialize vectors at runtime
                        #endif
                        
                        #ifdef FLASHMAP
                        REGBASE        equ        $0        ; register base MAY BE MOVED TO MAKE FULL EEPROM ACCESSABLE
                        DATASTART equ        $1000        ; Start of data memory
                        DATAEND  equ        $4000        ; Stack pointer initial value (end of data RAM area)
                        PRSTART equ        $8000        ; Start of program memory
                        ; Note -- there are problems using the current free assemblers with paged memory
                        ; Best bet is to use logical addresses $8000 up only, set page register to 3E,
                        ; Change S1 records for $8000-BFFF to S2 records for page 3E and S1 records for $C000-$EFFF to
                        ; page 3F. Program startup vector goes in EFFE, and needs to be iin page 3F so PPAGE can be changed. 
                        PREND        equ        $EF7F        ; End of program memory
                        
                        VECTORTABLE equ $EF80        ; Vectors go here -- MUST BE INITIALIZED STATICALLY
                        STATICVECTORS equ 0        ; Define vectors statically (in "ROM")
                        #endif
                        
                        
1000                    RAMSTART equ        DATASTART ; For compatibility
2000                    RAMEND equ        DATAEND   
                        
3e00                    UserRsrv0x80 equ (0*2)+VECTORTABLE
3e02                    UserRsrv0x82 equ (1*2)+VECTORTABLE
3e04                    UserRsrv0x84 equ (2*2)+VECTORTABLE
3e06                    UserRsrv0x86 equ (3*2)+VECTORTABLE
3e08                    UserRsrv0x88 equ (4*2)+VECTORTABLE
3e0a                    UserRsrv0x8a equ (5*2)+VECTORTABLE
3e0c                    UserPWMShDn equ (6*2)+VECTORTABLE
3e0e                    UserPortP equ (7*2)+VECTORTABLE
3e10                    UserMSCAN4Tx equ (8*2)+VECTORTABLE
3e12                    UserMSCAN4Rx equ (9*2)+VECTORTABLE
3e14                    UserMSCAN4Errs equ (10*2)+VECTORTABLE
3e16                    UserMSCAN4Wake equ (11*2)+VECTORTABLE
3e18                    UserMSCAN3Tx equ (12*2)+VECTORTABLE
3e1a                    UserMSCAN3Rx equ (13*2)+VECTORTABLE
3e1c                    UserMSCAN3Errs equ (14*2)+VECTORTABLE
3e1e                    UserMSCAN3Wake equ (15*2)+VECTORTABLE
3e20                    UserMSCAN2Tx equ (16*2)+VECTORTABLE
3e22                    UserMSCAN2Rx equ (17*2)+VECTORTABLE
3e24                    UserMSCAN2Errs equ (18*2)+VECTORTABLE
3e26                    UserMSCAN2Wake equ (19*2)+VECTORTABLE
3e28                    UserMSCAN1Tx equ (20*2)+VECTORTABLE
3e2a                    UserMSCAN1Rx equ (21*2)+VECTORTABLE
3e2c                    UserMSCAN1Errs equ (22*2)+VECTORTABLE
3e2e                    UserMSCAN1Wake equ (23*2)+VECTORTABLE
3e30                    UserMSCAN0Tx equ (24*2)+VECTORTABLE
3e32                    UserMSCAN0Rx equ (25*2)+VECTORTABLE
3e34                    UserMSCAN0Errs equ (26*2)+VECTORTABLE
3e36                    UserMSCAN0Wake equ (27*2)+VECTORTABLE
3e38                    UserFlash equ (28*2)+VECTORTABLE
3e3a                    UserEEPROM equ (29*2)+VECTORTABLE
3e3c                    UserSPI2 equ (30*2)+VECTORTABLE
3e3e                    UserSPI1 equ (31*2)+VECTORTABLE
3e40                    UserIIC equ (32*2)+VECTORTABLE
3e42                    UserDLC equ (33*2)+VECTORTABLE
3e44                    UserSCME equ (34*2)+VECTORTABLE
3e46                    UserCRG equ (35*2)+VECTORTABLE
3e48                    UserPAccBOv equ (36*2)+VECTORTABLE
3e4a                    UserModDwnCtr equ (37*2)+VECTORTABLE
3e4c                    UserPortH equ (38*2)+VECTORTABLE
3e4e                    UserPortJ equ (39*2)+VECTORTABLE
3e50                    UserAtoD1 equ (40*2)+VECTORTABLE
3e52                    UserAtoD0 equ (41*2)+VECTORTABLE
3e54                    UserSCI1 equ (42*2)+VECTORTABLE
3e56                    UserSCI0 equ (43*2)+VECTORTABLE
3e58                    UserSPI0 equ (44*2)+VECTORTABLE
3e5a                    UserPAccEdge equ (45*2)+VECTORTABLE
3e5c                    UserPAccOvf equ (46*2)+VECTORTABLE
3e5e                    UserTimerOvf equ (47*2)+VECTORTABLE
3e60                    UserTimerCh7 equ (48*2)+VECTORTABLE
3e62                    UserTimerCh6 equ (49*2)+VECTORTABLE
3e64                    UserTimerCh5 equ (50*2)+VECTORTABLE
3e66                    UserTimerCh4 equ (51*2)+VECTORTABLE
3e68                    UserTimerCh3 equ (52*2)+VECTORTABLE
3e6a                    UserTimerCh2 equ (53*2)+VECTORTABLE
3e6c                    UserTimerCh1 equ (54*2)+VECTORTABLE
3e6e                    UserTimerCh0 equ (55*2)+VECTORTABLE
3e70                    UserRTI equ (56*2)+VECTORTABLE
3e72                    UserIRQ equ (57*2)+VECTORTABLE
3e74                    UserXIRQ equ (58*2)+VECTORTABLE
3e76                    UserSWI equ (59*2)+VECTORTABLE
3e78                    UserTrap equ (60*2)+VECTORTABLE
                        
                        
                        *
                        *
                        *  HC12 i/o register locations (9s12dp256)
                        *
                        *
0000                    PORTA:          equ REGBASE+0   ;port a = address lines a8 - a15
0001                    PORTB:          equ REGBASE+1   ;port b = address lines a0 - a7
0002                    DDRA:           equ REGBASE+2   ;port a direction register
0003                    DDRB:           equ REGBASE+3   ;port b direction register
                        
0008                    PORTE:          equ REGBASE+8   ;port e = mode,irq and control signals
0009                    DDRE:           equ REGBASE+9   ;port e direction register
000a                    PEAR:           equ REGBASE+$a  ;port e assignments
000b                    MODE:           equ REGBASE+$b  ;mode register
000c                    PUCR:           equ REGBASE+$c  ;port pull-up control register
000d                    RDRIV:          equ REGBASE+$d  ;port reduced drive control register
000e                    EBICTL:                equ REGBASE+$e  ;e stretch control
                        
0010                    INITRM:         equ REGBASE+$10 ;ram location register
0011                    INITRG:         equ REGBASE+$11 ;register location register
0012                    INITEE:         equ REGBASE+$12 ;eeprom location register
0013                    MISC:           equ REGBASE+$13 ;miscellaneous mapping control
0014                    MTST0:          equ REGBASE+$14 ; reserved
0015                    ITCR:           equ REGBASE+$15 ;interrupt test control register
0016                    ITEST:          equ REGBASE+$16 ;interrupt test register
0017                    MTST1:          equ REGBASE+$17 ; reserved
                        
001a                    PARTIDH:        equ REGBASE+$1a ;part id high
001b                    PARTIDL:        equ REGBASE+$1b ;part id low
001c                    MEMSIZ0:        equ REGBASE+$1c ;memory size
001d                    MEMSIZ1:        equ REGBASE+$1d ;memory size
001e                    IRQCR:          equ REGBASE+$1e ;interrupt control register
001e                    INTCR:          equ REGBASE+$1e ;interrupt control register (old name)
001f                    HPRIO:          equ REGBASE+$1f ;high priority reg
                        
0028                    BKPCT0:         equ REGBASE+$28 ;break control register
0029                    BKPCT1:         equ REGBASE+$29 ;break control register
002a                    BKP0X:          equ REGBASE+$2a ; break 0 index register
002b                    BKP0H:          equ REGBASE+$2b ; break 0 pointer high
002c                    BRP0L:          equ REGBASE+$2c ; break 0 pointer low
002d                    BKP1X:          equ REGBASE+$2d ; break 1 index register
002e                    BKP1H:          equ REGBASE+$2e ; break 1 pointer high
002f                    BRP1L:          equ REGBASE+$2f ; break 1 pointer low
0030                    PPAGE:                equ REGBASE+$30 ;program page register
                        
0032                    PORTK:                equ REGBASE+$32 ;port k data
0033                    DDRK:                equ REGBASE+$33 ;port k direction
                        
0034                    SYNR:           equ REGBASE+$34 ; synthesizer / multiplier register
0035                    REFDV:          equ REGBASE+$35 ; reference divider register
0036                    CTFLG:          equ REGBASE+$36 ; reserved
0037                    CRGFLG:         equ REGBASE+$37 ; pll flags register
0038                    CRGINT:         equ REGBASE+$38 ; pll interrupt register
0039                    CLKSEL:         equ REGBASE+$39 ; clock select register
003a                    PLLCTL:         equ REGBASE+$3a ; pll control register
003b                    RTICTL:         equ REGBASE+$3b ;real time interrupt control
003c                    COPCTL:         equ REGBASE+$3c ;watchdog control
003d                    FORBYP:         equ REGBASE+$3d ;
003e                    CTCTL:          equ REGBASE+$3e ;
003f                    ARMCOP:         equ REGBASE+$3f ;cop reset register
                        
0040                    TIOS:           equ REGBASE+$40 ;timer input/output select
0041                    CFORC:          equ REGBASE+$41 ;timer compare force
0042                    OC7M:           equ REGBASE+$42 ;timer output compare 7 mask
0043                    OC7D:           equ REGBASE+$43 ;timer output compare 7 data
0044                    TCNT:           equ REGBASE+$44 ;timer counter register hi
                        *TCNT:          equ REGBASE+$45 ;timer counter register lo
0046                    TSCR:           equ REGBASE+$46 ;timer system control register (Old Name)
0046                    TSCR1:          equ REGBASE+$46 ;timer system control register
0047                    TTOV:           equ REGBASE+$47 ;reserved
0048                    TCTL1:          equ REGBASE+$48 ;timer control register 1
0049                    TCTL2:          equ REGBASE+$49 ;timer control register 2
004a                    TCTL3:          equ REGBASE+$4a ;timer control register 3
004b                    TCTL4:          equ REGBASE+$4b ;timer control register 4
004c                    TMSK1:          equ REGBASE+$4c ;timer interrupt mask 1 (Old Name)
004c                    TIE:            equ REGBASE+$4c ;timer interrupt mask 1
004d                    TMSK2:          equ REGBASE+$4d ;timer interrupt mask 2 (Old Name)
004d                    TSCR2:          equ REGBASE+$4d ;timer interrupt mask 2
004e                    TFLG1:          equ REGBASE+$4e ;timer flags 1
004f                    TFLG2:          equ REGBASE+$4f ;timer flags 2
0050                    TC0:            equ REGBASE+$50 ;timer capture/compare register 0
0052                    TC1:            equ REGBASE+$52 ;timer capture/compare register 1
0054                    TC2:            equ REGBASE+$54 ;timer capture/compare register 2
0056                    TC3:            equ REGBASE+$56 ;timer capture/compare register 3
0058                    TC4:            equ REGBASE+$58 ;timer capture/compare register 4
005a                    TC5:            equ REGBASE+$5a ;timer capture/compare register 5
005c                    TC6:            equ REGBASE+$5c ;timer capture/compare register 6
005e                    TC7:            equ REGBASE+$5e ;timer capture/compare register 7
0060                    PACTL:          equ REGBASE+$60 ;pulse accumulator controls
0061                    PAFLG:          equ REGBASE+$61 ;pulse accumulator flags
0062                    PACN3:          equ REGBASE+$62 ;pulse accumulator counter 3
0063                    PACN2:          equ REGBASE+$63 ;pulse accumulator counter 2
0064                    PACN1:          equ REGBASE+$64 ;pulse accumulator counter 1
0065                    PACN0:          equ REGBASE+$65 ;pulse accumulator counter 0
0066                    MCCTL:          equ REGBASE+$66 ;modulus down conunter control
0067                    MCFLG:          equ REGBASE+$67 ;down counter flags
0068                    ICPAR:          equ REGBASE+$68 ;input pulse accumulator control
0069                    DLYCT:          equ REGBASE+$69 ;delay count to down counter
006a                    ICOVW:          equ REGBASE+$6a ;input control overwrite register
006b                    ICSYS:          equ REGBASE+$6b ;input control system control
                        
006d                    TIMTST:         equ REGBASE+$6d ;timer test register
                        
0070                    PBCTL:          equ REGBASE+$70 ; pulse accumulator b control
0071                    PBFLG:          equ REGBASE+$71 ; pulse accumulator b flags
0072                    PA3H:           equ REGBASE+$72 ; pulse accumulator holding register 3
0073                    PA2H:           equ REGBASE+$73 ; pulse accumulator holding register 2
0074                    PA1H:           equ REGBASE+$74 ; pulse accumulator holding register 1
0075                    PA0H:           equ REGBASE+$75 ; pulse accumulator holding register 0
0076                    MCCNT:          equ REGBASE+$76 ; modulus down counter register
                        *MCCNTL:        equ REGBASE+$77 ; low byte
0078                    TCOH:           equ REGBASE+$78 ; capture 0 holding register
007a                    TC1H:           equ REGBASE+$7a ; capture 1 holding register
007c                    TC2H:           equ REGBASE+$7c ; capture 2 holding register
007e                    TC3H:           equ REGBASE+$7e ; capture 3 holding register
                        
0080                    ATD0CTL0:       equ REGBASE+$80 ;adc control 0 (reserved)
0081                    ATD0CTL1:       equ REGBASE+$81 ;adc control 1 (reserved)
0082                    ATD0CTL2:       equ REGBASE+$82 ;adc control 2
0083                    ATD0CTL3:       equ REGBASE+$83 ;adc control 3
0084                    ATD0CTL4:       equ REGBASE+$84 ;adc control 4
0085                    ATD0CTL5:       equ REGBASE+$85 ;adc control 5
0086                    ATD0STAT:       equ REGBASE+$86 ;adc status register hi
0086                    ATD0STAT0:      equ REGBASE+$86 ;adc status register hi
008b                    ATD0STAT1:      equ REGBASE+$8b ;adc status register lo
0088                    ATD0TEST:       equ REGBASE+$88 ;adc test (reserved)
                        *atd0test       equ REGBASE+$89 ;
                        
008d                    ATD0DIEN:        equ REGBASE+$8d ;
                        
008f                    PORTAD:         equ REGBASE+$8f ;port adc = input only
0090                    ADR00H:         equ REGBASE+$90 ;adc result 0 register
0092                    ADR01H:         equ REGBASE+$92 ;adc result 1 register
0094                    ADR02H:         equ REGBASE+$94 ;adc result 2 register
0096                    ADR03H:         equ REGBASE+$96 ;adc result 3 register
0098                    ADR04H:         equ REGBASE+$98 ;adc result 4 register
009a                    ADR05H:         equ REGBASE+$9a ;adc result 5 register
009c                    ADR06H:         equ REGBASE+$9c ;adc result 6 register
009e                    ADR07H:         equ REGBASE+$9e ;adc result 7 register
                        
00a0                    PWME:                equ REGBASE+$a0 ;pwm enable
00a1                    PWMPOL:         equ REGBASE+$a1 ;pwm polarity
00a2                    PWMCLK:         equ REGBASE+$a2 ;pwm clock select register
00a3                    PWMPRCLK:       equ REGBASE+$a3 ;pwm prescale clock select register
00a4                    PWMCAE:         equ REGBASE+$a4 ;pwm center align select register
00a5                    PWMCTL:         equ REGBASE+$a5 ;pwm control register
00a6                    PWMTST:         equ REGBASE+$a6 ;reserved
00a7                    PWMPRSC:        equ REGBASE+$a7 ;reserved
00a8                    PWMSCLA:        equ REGBASE+$a8 ;pwm scale a
00a9                    PWMSCLB:        equ REGBASE+$a9 ;pwm scale b
00aa                    PWMSCNTA:       equ REGBASE+$aa ;reserved
00ab                    PWMSCNTB:       equ REGBASE+$ab ;reserved
00ac                    PWMCNT0:        equ REGBASE+$ac ;pwm channel 0 counter
00ad                    PWMCNT1:        equ REGBASE+$ad ;pwm channel 1 counter
00ae                    PWMCNT2:        equ REGBASE+$ae ;pwm channel 2 counter
00af                    PWMCNT3:        equ REGBASE+$af ;pwm channel 3 counter
00b0                    PWMCNT4:        equ REGBASE+$b0 ;pwm channel 4 counter
00b1                    PWMCNT5:        equ REGBASE+$b1 ;pwm channel 5 counter
00b2                    PWMCNT6:        equ REGBASE+$b2 ;pwm channel 6 counter
00b3                    PWMCNT7:        equ REGBASE+$b3 ;pwm channel 7 counter
00b4                    PWMPER0:        equ REGBASE+$b4 ;pwm channel 0 period
00b5                    PWMPER1:        equ REGBASE+$b5 ;pwm channel 1 period
00b6                    PWMPER2:        equ REGBASE+$b6 ;pwm channel 2 period
00b7                    PWMPER3:        equ REGBASE+$b7 ;pwm channel 3 period
00b8                    PWMPER4:        equ REGBASE+$b8 ;pwm channel 4 period
00b9                    PWMPER5:        equ REGBASE+$b9 ;pwm channel 5 period
00ba                    PWMPER6:        equ REGBASE+$ba ;pwm channel 6 period
00bb                    PWMPER7:        equ REGBASE+$bb ;pwm channel 7 period
00bc                    PWMDTY0:        equ REGBASE+$bc ;pwm channel 0 duty cycle
00bd                    PWMDTY1:        equ REGBASE+$bd ;pwm channel 1 duty cycle
00be                    PWMDTY2:        equ REGBASE+$be ;pwm channel 2 duty cycle
00bf                    PWMDTY3:        equ REGBASE+$bf ;pwm channel 3 duty cycle
00c0                    PWMDTY4:        equ REGBASE+$c0 ;pwm channel 4 duty cycle
00c1                    PWMDTY5:        equ REGBASE+$c1 ;pwm channel 5 duty cycle
00c2                    PWMDTY6:        equ REGBASE+$c2 ;pwm channel 6 duty cycle
00c3                    PWMDTY7:        equ REGBASE+$c3 ;pwm channel 7 duty cycle
00c4                    PWMSDN:         equ REGBASE+$c4 ;pwm shutdown register
                        
00c8                    SC0BDH:         equ REGBASE+$c8 ;sci 0 baud reg hi byte
00c9                    SC0BDL:         equ REGBASE+$c9 ;sci 0 baud reg lo byte
00ca                    SC0CR1:         equ REGBASE+$ca ;sci 0 control1 reg
00cb                    SC0CR2:         equ REGBASE+$cb ;sci 0 control2 reg
00cc                    SC0SR1:         equ REGBASE+$cc ;sci 0 status reg 1
00cd                    SC0SR2:         equ REGBASE+$cd ;sci 0 status reg 2
00ce                    SC0DRH:         equ REGBASE+$ce ;sci 0 data reg hi
00cf                    SC0DRL:         equ REGBASE+$cf ;sci 0 data reg lo
                        
00d0                    SC1BDH:         equ REGBASE+$d0 ;sci 1 baud reg hi byte
00d1                    SC1BDL:         equ REGBASE+$d1 ;sci 1 baud reg lo byte
00d2                    SC1CR1:         equ REGBASE+$d2 ;sci 1 control1 reg
00d3                    SC1CR2:         equ REGBASE+$d3 ;sci 1 control2 reg
00d4                    SC1SR1:         equ REGBASE+$d4 ;sci 1 status reg 1
00d5                    SC1SR2:         equ REGBASE+$d5 ;sci 1 status reg 2
00d6                    SC1DRH:         equ REGBASE+$d6 ;sci 1 data reg hi
00d7                    SC1DRL:         equ REGBASE+$d7 ;sci 1 data reg lo
                        
00d8                    SPI0CR1:        equ REGBASE+$d8 ;spi 0 control1 reg
00d9                    SPI0CR2:        equ REGBASE+$d9 ;spi 0 control2 reg
00da                    SPI0BR:         equ REGBASE+$da ;spi 0 baud reg
00db                    SPI0SR:         equ REGBASE+$db ;spi 0 status reg hi
00dd                    SP0DR:          equ REGBASE+$dd ;spi 0 data reg  FOR COMPATIBILITY
00dd                    SPI0DR:          equ REGBASE+$dd ;spi 0 data reg
                        
00e0                    IBAD:                equ REGBASE+$e0 ;i2c bus address register
00e1                    IBFD:                equ REGBASE+$e1 ;i2c bus frequency divider
00e2                    IBCR:                equ REGBASE+$e2 ;i2c bus control register
00e3                    IBSR:                equ REGBASE+$e3 ;i2c bus status register
00e4                    IBDR:                equ REGBASE+$e4 ;i2c bus message data register
                        
00e8                    DLCBCR1:        equ REGBASE+$e8 ;bdlc control regsiter 1
00e9                    DLCBSVR:        equ REGBASE+$e9 ;bdlc state vector register
00ea                    DLCBCR2:        equ REGBASE+$ea ;bdlc control register 2
00eb                    DLCBDR:                equ REGBASE+$eb ;bdlc data register
00ec                    DLCBARD:        equ REGBASE+$ec ;bdlc analog delay register
00ed                    DLCBRSR:        equ REGBASE+$ed ;bdlc rate select register
00ee                    DLCSCR:                equ REGBASE+$ee ;bdlc control register
00ef                    DLCBSTAT:        equ REGBASE+$ef ;bdlc status register
                        
00f0                    SPI1CR1:        equ REGBASE+$f0 ;spi 1 control1 reg
00f1                    SPI1CR2:        equ REGBASE+$f1 ;spi 1 control2 reg
00f2                    SPI1BR:         equ REGBASE+$f2 ;spi 1 baud reg
00f3                    SPI1SR:         equ REGBASE+$f3 ;spi 1 status reg hi
00f5                    SPI1DR:          equ REGBASE+$f5 ;spi 1 data reg
00f5                    SP1DR:          equ REGBASE+$f5 ;spi 1 data reg   FOR COMPATIBILITY
                        
00f8                    SPI2CR1:        equ REGBASE+$f8 ;spi 2 control1 reg
00f9                    SPI2CR2:        equ REGBASE+$f9 ;spi 2 control2 reg
00fa                    SPI2BR:         equ REGBASE+$fa ;spi 2 baud reg
00fb                    SPI2SR:         equ REGBASE+$fb ;spi 2 status reg hi
00fd                    SPI2DR:         equ REGBASE+$fd ;spi 2 data reg
00fd                    SP2DR:          equ REGBASE+$fd ;spi 2 data reg   FOR COMPATIBILITY
                        
0100                    FCLKDIV:        equ REGBASE+$100 ;flash clock divider
0101                    FSEC:                equ REGBASE+$101 ;flash security register
                        
0103                    FCNFG:                equ REGBASE+$103 ;flash configuration register
0104                    FPROT:                equ REGBASE+$104 ;flash protection register
0105                    FSTAT:                equ REGBASE+$105 ;flash status register
0106                    FCMD:                equ REGBASE+$106 ;flash command register
                        
0110                    ECLKDIV:        equ REGBASE+$110 ;eeprom clock divider
                        
0113                    ECNFG:                equ REGBASE+$113 ;eeprom configuration register
0114                    EPROT:                equ REGBASE+$114 ;eeprom protection register
0115                    ESTAT:                equ REGBASE+$115 ;eeprom status register
0116                    ECMD:                equ REGBASE+$116 ;eeprom command register
                        
0120                    ATD1CTL0:       equ REGBASE+$120 ;adc1 control 0 (reserved)
0121                    ATD1CTL1:       equ REGBASE+$121 ;adc1 control 1 (reserved)
0122                    ATD1CTL2:       equ REGBASE+$122 ;adc1 control 2
0123                    ATD1CTL3:       equ REGBASE+$123 ;adc1 control 3
0124                    ATD1CTL4:       equ REGBASE+$124 ;adc1 control 4
0125                    ATD1CTL5:       equ REGBASE+$125 ;adc1 control 5
0126                    ATD1STAT0:      equ REGBASE+$126 ;adc1 status register hi
012b                    ATD1STAT1:      equ REGBASE+$12b ;adc1 status register lo
0128                    ATD1TEST:       equ REGBASE+$128 ;adc1 test (reserved)
                        *atd1test       equ REGBASE+$129 ;
                        
012d                    ATDDIEN:        equ REGBASE+$12d ;adc1 input enable register
                        
012f                    PORTAD1:        equ REGBASE+$12f ;port adc1 = input only
0130                    ADR10H:         equ REGBASE+$130 ;adc1 result 0 register
0132                    ADR11H:         equ REGBASE+$132 ;adc1 result 1 register
0134                    ADR12H:         equ REGBASE+$134 ;adc1 result 2 register
0136                    ADR13H:         equ REGBASE+$136 ;adc1 result 3 register
0138                    ADR14H:         equ REGBASE+$138 ;adc1 result 4 register
013a                    ADR15H:         equ REGBASE+$13a ;adc1 result 5 register
013c                    ADR16H:         equ REGBASE+$13c ;adc1 result 6 register
013e                    ADR17H:         equ REGBASE+$13e ;adc1 result 7 register
                        
0140                    CAN0CTL0:        equ REGBASE+$140 ;can0 control register 0
0141                    CAN0CTL1:        equ REGBASE+$141 ;can0 control register 1
0142                    CAN0BTR0:        equ REGBASE+$142 ;can0 bus timing register 0
0143                    CAN0BTR1:        equ REGBASE+$143 ;can0 bus timing register 1
0144                    CAN0RFLG:        equ REGBASE+$144 ;can0 receiver flags
0145                    CAN0RIER:        equ REGBASE+$145 ;can0 receiver interrupt enables
0146                    CAN0TFLG:        equ REGBASE+$146 ;can0 transmit flags
0147                    CAN0TIER:        equ REGBASE+$147 ;can0 transmit interrupt enables
0148                    CAN0TARQ:        equ REGBASE+$148 ;can0 transmit message abort control
0149                    CAN0TAAK:        equ REGBASE+$149 ;can0 transmit message abort status
014a                    CAN0TBEL:        equ REGBASE+$14a ;can0 transmit buffer select
014b                    CAN0IDAC:        equ REGBASE+$14b ;can0 identfier acceptance control
                        
014e                    CAN0RERR:        equ REGBASE+$14e ;can0 receive error counter
014f                    CAN0TERR:        equ REGBASE+$14f ;can0 transmit error counter
0150                    CAN0IDA0:        equ REGBASE+$150 ;can0 identifier acceptance register 0
0151                    CAN0IDA1:        equ REGBASE+$151 ;can0 identifier acceptance register 1
0152                    CAN0IDA2:        equ REGBASE+$152 ;can0 identifier acceptance register 2
0153                    CAN0IDA3:        equ REGBASE+$153 ;can0 identifier acceptance register 3
0154                    CAN0IDM0:        equ REGBASE+$154 ;can0 identifier mask register 0
0155                    CAN0IDM1:        equ REGBASE+$155 ;can0 identifier mask register 1
0156                    CAN0IDM2:        equ REGBASE+$156 ;can0 identifier mask register 2
0157                    CAN0IDM3:        equ REGBASE+$157 ;can0 identifier mask register 3
0158                    CAN0IDA4:        equ REGBASE+$158 ;can0 identifier acceptance register 4
0159                    CAN0IDA5:        equ REGBASE+$159 ;can0 identifier acceptance register 5
015a                    CAN0IDA6:        equ REGBASE+$15a ;can0 identifier acceptance register 6
015b                    CAN0IDA7:        equ REGBASE+$15b ;can0 identifier acceptance register 7
015c                    CAN0IDM4:        equ REGBASE+$15c ;can0 identifier mask register 4
015d                    CAN0IDM5:        equ REGBASE+$15d ;can0 identifier mask register 5
015e                    CAN0IDM6:        equ REGBASE+$15e ;can0 identifier mask register 6
015f                    CAN0IDM7:        equ REGBASE+$15f ;can0 identifier mask register 7
0160                    CAN0RXFG:        equ REGBASE+$160 ;can0 rx foreground buffer thru +$16f
0170                    CAN0TXFG:        equ REGBASE+$170 ;can0 tx foreground buffer thru +$17f
                        
0180                    CAN1CTL0:        equ REGBASE+$180 ;can1 control register 0
0181                    CAN1CTL1:        equ REGBASE+$181 ;can1 control register 1
0182                    CAN1BTR0:        equ REGBASE+$182 ;can1 bus timing register 0
0183                    CAN1BTR1:        equ REGBASE+$183 ;can1 bus timing register 1
0184                    CAN1RFLG:        equ REGBASE+$184 ;can1 receiver flags
0185                    CAN1RIER:        equ REGBASE+$185 ;can1 receiver interrupt enables
0186                    CAN1TFLG:        equ REGBASE+$186 ;can1 transmit flags
0187                    CAN1TIER:        equ REGBASE+$187 ;can1 transmit interrupt enables
0188                    CAN1TARQ:        equ REGBASE+$188 ;can1 transmit message abort control
0189                    CAN1TAAK:        equ REGBASE+$189 ;can1 transmit message abort status
018a                    CAN1TBEL:        equ REGBASE+$18a ;can1 transmit buffer select
018b                    CAN1IDAC:        equ REGBASE+$18b ;can1 identfier acceptance control
                        
018e                    CAN1RERR:        equ REGBASE+$18e ;can1 receive error counter
018f                    CAN1TERR:        equ REGBASE+$18f ;can1 transmit error counter
0190                    CAN1IDA0:        equ REGBASE+$190 ;can1 identifier acceptance register 0
0191                    CAN1IDA1:        equ REGBASE+$191 ;can1 identifier acceptance register 1
0192                    CAN1IDA2:        equ REGBASE+$192 ;can1 identifier acceptance register 2
0193                    CAN1IDA3:        equ REGBASE+$193 ;can1 identifier acceptance register 3
0194                    CAN1IDM0:        equ REGBASE+$194 ;can1 identifier mask register 0
0195                    CAN1IDM1:        equ REGBASE+$195 ;can1 identifier mask register 1
0196                    CAN1IDM2:        equ REGBASE+$196 ;can1 identifier mask register 2
0197                    CAN1IDM3:        equ REGBASE+$197 ;can1 identifier mask register 3
0198                    CAN1IDA4:        equ REGBASE+$198 ;can1 identifier acceptance register 4
0199                    CAN1IDA5:        equ REGBASE+$199 ;can1 identifier acceptance register 5
019a                    CAN1IDA6:        equ REGBASE+$19a ;can1 identifier acceptance register 6
019b                    CAN1IDA7:        equ REGBASE+$19b ;can1 identifier acceptance register 7
019c                    CAN1IDM4:        equ REGBASE+$19c ;can1 identifier mask register 4
019d                    CAN1IDM5:        equ REGBASE+$19d ;can1 identifier mask register 5
019e                    CAN1IDM6:        equ REGBASE+$19e ;can1 identifier mask register 6
019f                    CAN1IDM7:        equ REGBASE+$19f ;can1 identifier mask register 7
01a0                    CAN1RXFG:        equ REGBASE+$1a0 ;can1 rx foreground buffer thru +$1af
01b0                    CAN1TXFG:        equ REGBASE+$1b0 ;can1 tx foreground buffer thru +$1bf
                        
01c0                    CAN2CTL0:        equ REGBASE+$1c0 ;can2 control register 0
01c1                    CAN2CTL1:        equ REGBASE+$1c1 ;can2 control register 1
01c2                    CAN2BTR0:        equ REGBASE+$1c2 ;can2 bus timing register 0
01c3                    CAN2BTR1:        equ REGBASE+$1c3 ;can2 bus timing register 1
01c4                    CAN2RFLG:        equ REGBASE+$1c4 ;can2 receiver flags
01c5                    CAN2RIER:        equ REGBASE+$1c5 ;can2 receiver interrupt enables
01c6                    CAN2TFLG:        equ REGBASE+$1c6 ;can2 transmit flags
01c7                    CAN2TIER:        equ REGBASE+$1c7 ;can2 transmit interrupt enables
01c8                    CAN2TARQ:        equ REGBASE+$1c8 ;can2 transmit message abort control
01c9                    CAN2TAAK:        equ REGBASE+$1c9 ;can2 transmit message abort status
01ca                    CAN2TBEL:        equ REGBASE+$1ca ;can2 transmit buffer select
01cb                    CAN2IDAC:        equ REGBASE+$1cb ;can2 identfier acceptance control
                        
01ce                    CAN2RERR:        equ REGBASE+$1ce ;can2 receive error counter
01cf                    CAN2TERR:        equ REGBASE+$1cf ;can2 transmit error counter
01d0                    CAN2IDA0:        equ REGBASE+$1d0 ;can2 identifier acceptance register 0
01d1                    CAN2IDA1:        equ REGBASE+$1d1 ;can2 identifier acceptance register 1
01d2                    CAN2IDA2:        equ REGBASE+$1d2 ;can2 identifier acceptance register 2
01d3                    CAN2IDA3:        equ REGBASE+$1d3 ;can2 identifier acceptance register 3
01d4                    CAN2IDM0:        equ REGBASE+$1d4 ;can2 identifier mask register 0
01d5                    CAN2IDM1:        equ REGBASE+$1d5 ;can2 identifier mask register 1
01d6                    CAN2IDM2:        equ REGBASE+$1d6 ;can2 identifier mask register 2
01d7                    CAN2IDM3:        equ REGBASE+$1d7 ;can2 identifier mask register 3
01d8                    CAN2IDA4:        equ REGBASE+$1d8 ;can2 identifier acceptance register 4
01d9                    CAN2IDA5:        equ REGBASE+$1d9 ;can2 identifier acceptance register 5
01da                    CAN2IDA6:        equ REGBASE+$1da ;can2 identifier acceptance register 6
01db                    CAN2IDA7:        equ REGBASE+$1db ;can2 identifier acceptance register 7
01dc                    CAN2IDM4:        equ REGBASE+$1dc ;can2 identifier mask register 4
01dd                    CAN2IDM5:        equ REGBASE+$1dd ;can2 identifier mask register 5
01de                    CAN2IDM6:        equ REGBASE+$1de ;can2 identifier mask register 6
01df                    CAN2IDM7:        equ REGBASE+$1df ;can2 identifier mask register 7
01e0                    CAN2RXFG:        equ REGBASE+$1e0 ;can2 rx foreground buffer thru +$1ef
01f0                    CAN2TXFG:        equ REGBASE+$1f0 ;can2 tx foreground buffer thru +$1ff
                        
0200                    CAN3CTL0:        equ REGBASE+$200 ;can3 control register 0
0201                    CAN3CTL1:        equ REGBASE+$201 ;can3 control register 1
0202                    CAN3BTR0:        equ REGBASE+$202 ;can3 bus timing register 0
0203                    CAN3BTR1:        equ REGBASE+$203 ;can3 bus timing register 1
0204                    CAN3RFLG:        equ REGBASE+$204 ;can3 receiver flags
0205                    CAN3RIER:        equ REGBASE+$205 ;can3 receiver interrupt enables
0206                    CAN3TFLG:        equ REGBASE+$206 ;can3 transmit flags
0207                    CAN3TIER:        equ REGBASE+$207 ;can3 transmit interrupt enables
0208                    CAN3TARQ:        equ REGBASE+$208 ;can3 transmit message abort control
0209                    CAN3TAAK:        equ REGBASE+$209 ;can3 transmit message abort status
020a                    CAN3TBEL:        equ REGBASE+$20a ;can3 transmit buffer select
020b                    CAN3IDAC:        equ REGBASE+$20b ;can3 identfier acceptance control
                        
020e                    CAN3RERR:        equ REGBASE+$20e ;can3 receive error counter
020f                    CAN3TERR:        equ REGBASE+$20f ;can3 transmit error counter
0210                    CAN3IDA0:        equ REGBASE+$210 ;can3 identifier acceptance register 0
0211                    CAN3IDA1:        equ REGBASE+$211 ;can3 identifier acceptance register 1
0212                    CAN3IDA2:        equ REGBASE+$212 ;can3 identifier acceptance register 2
0213                    CAN3IDA3:        equ REGBASE+$213 ;can3 identifier acceptance register 3
0214                    CAN3IDM0:        equ REGBASE+$214 ;can3 identifier mask register 0
0215                    CAN3IDM1:        equ REGBASE+$215 ;can3 identifier mask register 1
0216                    CAN3IDM2:        equ REGBASE+$216 ;can3 identifier mask register 2
0217                    CAN3IDM3:        equ REGBASE+$217 ;can3 identifier mask register 3
0218                    CAN3IDA4:        equ REGBASE+$218 ;can3 identifier acceptance register 4
0219                    CAN3IDA5:        equ REGBASE+$219 ;can3 identifier acceptance register 5
021a                    CAN3IDA6:        equ REGBASE+$21a ;can3 identifier acceptance register 6
021b                    CAN3IDA7:        equ REGBASE+$21b ;can3 identifier acceptance register 7
021c                    CAN3IDM4:        equ REGBASE+$21c ;can3 identifier mask register 4
021d                    CAN3IDM5:        equ REGBASE+$21d ;can3 identifier mask register 5
021e                    CAN3IDM6:        equ REGBASE+$21e ;can3 identifier mask register 6
021f                    CAN3IDM7:        equ REGBASE+$21f ;can3 identifier mask register 7
0220                    CAN3RXFG:        equ REGBASE+$220 ;can3 rx foreground buffer thru +$22f
0230                    CAN3TXFG:        equ REGBASE+$230 ;can3 tx foreground buffer thru +$23f
                        
0240                    PTT:                equ REGBASE+$240 ;portt data register
0241                    PTIT:                equ REGBASE+$241 ;portt input register
0242                    DDRT:                equ REGBASE+$242 ;portt direction register
0243                    RDRT:                equ REGBASE+$243 ;portt reduced drive register
0244                    PERT:                equ REGBASE+$244 ;portt pull device enable
0245                    PPST:                equ REGBASE+$245 ;portt pull polarity select
                        
0248                    PTS:                equ REGBASE+$248 ;ports data register
0249                    PTIS:                equ REGBASE+$249 ;ports input register
024a                    DDRS:                equ REGBASE+$24a ;ports direction register
024b                    RDRS:                equ REGBASE+$24b ;ports reduced drive register
024c                    PERS:                equ REGBASE+$24c ;ports pull device enable
024d                    PPSS:                equ REGBASE+$24d ;ports pull polarity select
024e                    WOMS:                equ REGBASE+$24e ;ports wired or mode register
                        
0250                    PTM:                equ REGBASE+$250 ;portm data register
0251                    PTIM:                equ REGBASE+$251 ;portm input register
0252                    DDRM:                equ REGBASE+$252 ;portm direction register
0253                    RDRM:                equ REGBASE+$253 ;portm reduced drive register
0254                    PERM:                equ REGBASE+$254 ;portm pull device enable
0255                    PPSM:                equ REGBASE+$255 ;portm pull polarity select
0256                    WOMM:                equ REGBASE+$256 ;portm wired or mode register
0257                    MODRR:                equ REGBASE+$257 ;portm module routing register
                        
0258                    PTP:                equ REGBASE+$258 ;portp data register
0259                    PTIP:                equ REGBASE+$259 ;portp input register
025a                    DDRP:                equ REGBASE+$25a ;portp direction register
025b                    RDRP:                equ REGBASE+$25b ;portp reduced drive register
025c                    PERP:                equ REGBASE+$25c ;portp pull device enable
025d                    PPSP:                equ REGBASE+$25d ;portp pull polarity select
025e                    PIEP:                equ REGBASE+$25e ;portp interrupt enable register
025f                    PIFP:                equ REGBASE+$25f ;portp interrupt flag register
                        
0260                    PTH:                equ REGBASE+$260 ;porth data register
0261                    PTIH:                equ REGBASE+$261 ;porth input register
0262                    DDRH:                equ REGBASE+$262 ;porth direction register
0263                    RDRH:                equ REGBASE+$263 ;porth reduced drive register
0264                    PERH:                equ REGBASE+$264 ;porth pull device enable
0265                    PPSH:                equ REGBASE+$265 ;porth pull polarity select
0266                    PIEH:                equ REGBASE+$266 ;porth interrupt enable register
0267                    PIFH:                equ REGBASE+$267 ;porth interrupt flag register
                        
0268                    PTJ:                equ REGBASE+$268 ;portj data register
0269                    PTIJ:                equ REGBASE+$269 ;portj input register
026a                    DDRJ:                equ REGBASE+$26a ;portj direction register
026b                    RDRJ:                equ REGBASE+$26b ;portj reduced drive register
026c                    PERJ:                equ REGBASE+$26c ;portj pull device enable
026d                    PPSJ:                equ REGBASE+$26d ;portj pull polarity select
026e                    PIEJ:                equ REGBASE+$26e ;portj interrupt enable register
026f                    PIFJ:                equ REGBASE+$26f ;portj interrupt flag register
                        
0280                    CAN4CTL0:        equ REGBASE+$280 ;can4 control register 0
0281                    CAN4CTL1:        equ REGBASE+$281 ;can4 control register 1
0282                    CAN4BTR0:        equ REGBASE+$282 ;can4 bus timing register 0
0283                    CAN4BTR1:        equ REGBASE+$283 ;can4 bus timing register 1
0284                    CAN4RFLG:        equ REGBASE+$284 ;can4 receiver flags
0285                    CAN4RIER:        equ REGBASE+$285 ;can4 receiver interrupt enables
0286                    CAN4TFLG:        equ REGBASE+$286 ;can4 transmit flags
0287                    CAN4TIER:        equ REGBASE+$287 ;can4 transmit interrupt enables
0288                    CAN4TARQ:        equ REGBASE+$288 ;can4 transmit message abort control
0289                    CAN4TAAK:        equ REGBASE+$289 ;can4 transmit message abort status
028a                    CAN4TBEL:        equ REGBASE+$28a ;can4 transmit buffer select
028b                    CAN4IDAC:        equ REGBASE+$28b ;can4 identfier acceptance control
                        
028e                    CAN4RERR:        equ REGBASE+$28e ;can4 receive error counter
028f                    CAN4TERR:        equ REGBASE+$28f ;can4 transmit error counter
0290                    CAN4IDA0:        equ REGBASE+$290 ;can4 identifier acceptance register 0
0291                    CAN4IDA1:        equ REGBASE+$291 ;can4 identifier acceptance register 1
0292                    CAN4IDA2:        equ REGBASE+$292 ;can4 identifier acceptance register 2
0293                    CAN4IDA3:        equ REGBASE+$293 ;can4 identifier acceptance register 3
0294                    CAN4IDM0:        equ REGBASE+$294 ;can4 identifier mask register 0
0295                    CAN4IDM1:        equ REGBASE+$295 ;can4 identifier mask register 1
0296                    CAN4IDM2:        equ REGBASE+$296 ;can4 identifier mask register 2
0297                    CAN4IDM3:        equ REGBASE+$297 ;can4 identifier mask register 3
0298                    CAN4IDA4:        equ REGBASE+$298 ;can4 identifier acceptance register 4
0299                    CAN4IDA5:        equ REGBASE+$299 ;can4 identifier acceptance register 5
029a                    CAN4IDA6:        equ REGBASE+$29a ;can4 identifier acceptance register 6
029b                    CAN4IDA7:        equ REGBASE+$29b ;can4 identifier acceptance register 7
029c                    CAN4IDM4:        equ REGBASE+$29c ;can4 identifier mask register 4
029d                    CAN4IDM5:        equ REGBASE+$29d ;can4 identifier mask register 5
029e                    CAN4IDM6:        equ REGBASE+$29e ;can4 identifier mask register 6
029f                    CAN4IDM7:        equ REGBASE+$29f ;can4 identifier mask register 7
02a0                    CAN4RXFG:        equ REGBASE+$2a0 ;can4 rx foreground buffer thru +$2af
02b0                    CAN4TXFG:        equ REGBASE+$2b0 ;can4 tx foreground buffer thru +$2bf
                        
                        * end registers
                        #endinclude

                        
                        ;******************************************************************************
                        ;                 RELOCALIZACION DE VECTOR DE INTERRUPCION
                        ;******************************************************************************
3e4a                                            Org $3E4A
3e4a 21 f2                                      dw Maquina_Tiempos
                        ;******************************************************************************
                        ;                 DECLARACION DE LAS ESTRUCTURAS DE DATOS
                        ;******************************************************************************
                        
000d                    CR:             EQU $0D
000a                    LF:             EQU $0A
00ff                    EOM:            EQU $FF
                        
001e                    Recarga_TC      EQU 30
                        
0004                    MaskRele        EQU $04
0008                    PortRele        EQU PORTE
                        
0032                    tTimer1mS:      EQU 50
01f4                    tTimer10mS:     EQU 500
1388                    tTimer100mS:    EQU 5000
c350                    tTimer1S:       EQU 50000
                        
0005                    tTimerATD       EQU 5
0001                    tTimerTerminal  EQU 1
0005                    tTimer5s        EQU 5
                        
0080                    SCF             EQU $80
                        
1000                                    Org $1000
1000                    Puntero_Serial  ds 2
1002                    Puntero_Aux     ds 2
1004                    Estado_Pres_ATD ds 2
1006                    NivelProm       ds 2
1008                    datoTemp        ds 2
100a                    Volumen         ds 1
100b                    Nivel           ds 1
100c                    Estado_Terminal ds 2
100e                    BCD_Result      ds 1
100f                    Contador        ds 1
1010                    ASCII_Output    ds 2
1012                    Flags           ds 1
0001                    Flag_Alarma     EQU $01
0002                    Flag_Vaciado    EQU $02
                        
1200                                    Org $1200
                        
1200                    MSG1:
1200 0c                              dB $0C
1201 20 20 20 20 20 55               FCC "     Universidad de Costa Rica"
     6e 69 76 65 72 73
     69 64 61 64 20 64
     65 20 43 6f 73 74
     61 20 52 69 63 61
121f 0d 0a 0d 0a                     dB CR, LF, CR, LF
1223 20 20 20 45 73 63               FCC "   Escuela De Ingeneria Electrica"
     75 65 6c 61 20 44
     65 20 49 6e 67 65
     6e 65 72 69 61 20
     45 6c 65 63 74 72
     69 63 61
1244 0d 0a 0d 0a                     dB CR, LF, CR, LF
1248 20 20 20 20 20 20               FCC "        Microprocesadores"
     20 20 4d 69 63 72
     6f 70 72 6f 63 65
     73 61 64 6f 72 65
     73
1261 0d 0a 0d 0a                     dB CR, LF, CR, LF
1265 20 20 20 20 20 20               FCC "              IE0623"
     20 20 20 20 20 20
     20 20 49 45 30 36
     32 33
1279 0d 0a 0d 0a                     dB CR, LF, CR, LF
127d                    MSG2:
127d 56 6f 6c 75 6d 65               FCC "Volumen Calculado: "
     6e 20 43 61 6c 63
     75 6c 61 64 6f 3a
     20
1290 ff                              dB EOM
                        
1291                    MSG3:
1291 0d 0a 0d 0a                     dB CR, LF, CR, LF
1295 41 6c 61 72 6d 61               FCC "Alarma: El Nivel esta Bajo"
     3a 20 45 6c 20 4e
     69 76 65 6c 20 65
     73 74 61 20 42 61
     6a 6f
12af ff                              dB EOM
                        
12b0                    MSG4:
12b0 0d 0a 0d 0a                     dB CR, LF, CR, LF
12b4 56 61 63 69 61 6e               FCC "Vaciando Tanque, Bomba Apagada"
     64 6f 20 54 61 6e
     71 75 65 2c 20 42
     6f 6d 62 61 20 41
     70 61 67 61 64 61
12d2 ff                              dB EOM
                        
                        ;===============================================================================
                        ;                              TABLA DE TIMERS
                        ;===============================================================================
1500                                                    Org $1500
1500                    Tabla_Timers_BaseT:
                        
1500                    Timer1mS:   ds 2
1502                    Timer10mS:  ds 2
1504                    Timer100mS: ds 2
1506                    Timer1S:    ds 2
                        
1508 ff ff              Fin_BaseT       dW $FFFF
                        
150a                    Tabla_Timers_Base1mS
                        
150a ff                 Fin_Base1mS:    dB $FF
                        
150b                    Tabla_Timers_Base10mS
                        
150b ff                 Fin_Base10ms    dB $FF
                        
150c                    Tabla_Timers_Base100mS
                        
150c                    TimerATD        ds 1
                        
150d ff                 Fin_Base100mS   dB $FF
                        
150e                    Tabla_Timers_Base1S
                        
150e                    TimerTerminal   ds 1
150f                    Timer5s         ds 1
                        
1510 ff                 Fin_Base1S      dB $FF
                        
                        ;===============================================================================
                        ;                              CONFIGURACION DE HARDWARE
                        ;===============================================================================
2000                                    Org $2000
                        ; Configuracion del SCI
2000 18 03 00 27 00 d0                  Movw #39,SC1BDH
2006 18 0b 00 00 d2                     Movb #$00,SC1CR1
200b 18 0b 0c 00 d3                     Movb #$0C,SC1CR2
                        
2010 96 d4                              Ldaa SC1SR1
2012 18 0b 00 00 d7                     Movb #$00,SC1DRL
                        
                        ; Configuracion del ATD
2017 18 0b c0 00 82                     Movb #$C0,ATD0CTL2
201c 86 a0                              Ldaa #160
201e 04 30 fd           Espere_ATD:     Dbne a,Espere_ATD
2021 18 0b 20 00 83                     Movb #$20,ATD0CTL3
2026 18 0b 10 00 84                     Movb #$10,ATD0CTL4
                        
                        ; Configuracion de puertos
202b 4c 09 04                           Bset DDRE,$04
202e 1c 02 42 20                        Bset DDRT,$20
2032 4d 08 04                           Bclr PORTE,$04
2035 1d 02 40 20                        Bclr PTT,$20
                        
                        ; Configuracion del Modulo de Contador
2039 4c 66 c7                           Bset MCCTL,$C7
203c 18 03 00 1e 00 76                  Movw #Recarga_TC,MCCNT
                        
                        ; Inicializacion de timers
2042 18 03 00 32 15 00                  Movw #tTimer1mS,Timer1mS
2048 18 03 01 f4 15 02                  Movw #tTimer10mS,Timer10mS
204e 18 03 13 88 15 04                  Movw #tTimer100mS,Timer100mS
2054 18 03 c3 50 15 06                  Movw #tTimer1S,Timer1S
                        
                        ; Envio mensaje inicial
205a 18 0b 00 10 00                     Movb #MSG1,Puntero_Serial
205f 4c d3 08                           Bset SC1CR2,$08
                        
2062                    Transmitir_Inicio:
2062 4f d4 80 fc                        Brclr SC1SR1,$80,Transmitir_Inicio
2066 96 d4                              Ldaa SC1SR1
2068 fe 10 00                           Ldx Puntero_Serial
206b a6 30                              Ldaa 1,x+
206d 81 ff                              Cmpa #EOM
206f 27 07                              Beq Finalizar_Transmision
2071 5a d7                              Staa SC1DRL
2073 7e 10 00                           Stx Puntero_Serial
2076 20 ea                              Bra Transmitir_Inicio
                        
2078                    Finalizar_Transmision:
2078 18 03 20 f1 10 0c                  Movw #Terminal_Estado1,Estado_Terminal
                        
                        ;*******************************************************************************
                        ;                          Programa Principal
                        ;*******************************************************************************
207e cf 3b ff                           Lds #$3BFF
2081 10 ef                              Cli
2083 79 10 12                           Clr Flags
2086 18 03 20 9d 10 04                  Movw #ATD_Estado1,Estado_Pres_ATD
                        
                        ;******************************************************************************
                        ;                          DESPACHADOR DE TAREAS
                        ;******************************************************************************
208c                    Despachador_Tareas:
208c 16 21 fc                           Jsr Decre_TablaTimers
208f 16 20 97                           Jsr Tarea_ATD
2092 16 20 eb                           Jsr Tarea_Terminal
2095 20 f5                              Bra Despachador_Tareas
                        
                        ;******************************************************************************
                        ;                               TAREA ATD
                        ;******************************************************************************
2097                    Tarea_ATD:
2097 fe 10 04                           Ldx Estado_Pres_ATD
209a 15 00                              Jsr 0,x
209c 3d                                 Rts
                        
                        ;=========================== TAREA ATD ESTADO 1 ================================
209d                    ATD_Estado1:
209d 18 0b 05 15 0c                     Movb #tTimerATD,TimerATD
20a2 18 03 20 a9 10 04                  Movw #ATD_Estado2,Estado_Pres_ATD
20a8 3d                                 Rts
                        
                        ;=========================== TAREA ATD ESTADO 2 ================================
20a9                    ATD_Estado2:
20a9 f7 15 0c                           Tst TimerATD
20ac 26 0b                              Bne Fin_ATD_Estado2
20ae 18 0b 87 00 85                     Movb #$87,ATD0CTL5
20b3 18 03 20 ba 10 04                  Movw #ATD_Estado3,Estado_Pres_ATD
20b9                    Fin_ATD_Estado2:
20b9 3d                                 Rts
                        
                        ;=========================== TAREA ATD ESTADO 3 ================================
20ba                    ATD_Estado3:
20ba 4f 86 80 2c                        Brclr ATD0STAT0,SCF,Fin_ATD_Estado3
20be 16 21 bc                           Jsr Calcula
                        
20c1 b6 10 0a                           Ldaa Volumen
20c4 81 0e                              Cmpa #14
20c6 22 09                              Bhi Verificar_Alarma_Off
20c8 1c 10 12 01                        Bset Flags,Flag_Alarma
20cc 4c 08 04                           Bset PortRele,MaskRele
20cf 20 13                              Bra Reiniciar_ATD
                        
20d1                    Verificar_Alarma_Off:
20d1 81 1c                              Cmpa #28
20d3 23 04                              Bls Verificar_Vaciado
20d5 1d 10 12 01                        Bclr Flags,Flag_Alarma
                        
20d9                    Verificar_Vaciado:
20d9 81 53                              Cmpa #83
20db 23 07                              Bls Reiniciar_ATD
20dd 1c 10 12 02                        Bset Flags,Flag_Vaciado
20e1 4d 08 04                           Bclr PortRele,MaskRele
                        
20e4                    Reiniciar_ATD:
20e4 18 03 20 9d 10 04                  Movw #ATD_Estado1,Estado_Pres_ATD
                        
20ea                    Fin_ATD_Estado3:
20ea 3d                                 Rts
                        
                        ;******************************************************************************
                        ;                               TAREA TERMINAL
                        ;******************************************************************************
20eb                    Tarea_Terminal:
20eb fe 10 0c                           Ldx Estado_Terminal
20ee 15 00                              Jsr 0,x
20f0 3d                                 Rts
                        
                        ;========================= TAREA TERMINAL ESTADO 1 =============================
20f1                    Terminal_Estado1:
20f1 18 0b 01 15 0e                     Movb #tTimerTerminal,TimerTerminal
20f6 18 03 21 03 10 0c                  Movw #Terminal_Estado2,Estado_Terminal
20fc 18 03 12 00 10 00                  Movw #MSG1,Puntero_Serial
2102 3d                                 Rts
                        
                        ;========================= TAREA TERMINAL ESTADO 2 =============================
2103                    Terminal_Estado2:
2103 f7 15 0e                           Tst TimerTerminal
2106 26 3d                              Bne Fin_Terminal_Estado2
2108 4f d4 80 39                        Brclr SC1SR1,$80,Fin_Terminal_Estado2
210c 96 d4                              Ldaa SC1SR1
210e fe 10 00                           Ldx Puntero_Serial
2111 a6 30                              Ldaa 1,x+
2113 81 ff                              Cmpa #EOM
2115 27 07                              Beq Mostrar_Volumen
2117 5a d7                              Staa SC1DRL
2119 7e 10 00                           Stx Puntero_Serial
211c 20 27                              Bra Fin_Terminal_Estado2
                        
211e                    Mostrar_Volumen:
211e 16 21 a6                           Jsr BIN_ASCII
2121 b6 10 10                           Ldaa ASCII_Output
2124 5a d7                              Staa SC1DRL
2126 4f d4 80 fc        Esperar_TX1:    Brclr SC1SR1,$80,Esperar_TX1
212a b6 10 11                           Ldaa ASCII_Output+1
212d 5a d7                              Staa SC1DRL
212f 4f d4 80 fc        Esperar_TX2:    Brclr SC1SR1,$80,Esperar_TX2
2133 18 03 21 46 10 0c                  Movw #Terminal_Estado3,Estado_Terminal
2139 18 03 12 91 10 00                  Movw #MSG3,Puntero_Serial
213f 18 03 12 b0 10 02                  Movw #MSG4,Puntero_Aux
2145                    Fin_Terminal_Estado2:
2145 3d                                 Rts
                        
                        ;========================= TAREA TERMINAL ESTADO 3 =============================
2146                    Terminal_Estado3:
2146 1f 10 12 01 16                     Brclr Flags,Flag_Alarma,Verificar_Vacio
214b 4f d4 80 46                        Brclr SC1SR1,$80,Fin_Terminal_Estado3
214f 96 d4                              Ldaa SC1SR1
2151 fe 10 00                           Ldx Puntero_Serial
2154 a6 30                              Ldaa 1,x+
2156 81 ff                              Cmpa #EOM
2158 27 35                              Beq Volver_Estado1
215a 5a d7                              Staa SC1DRL
215c 7e 10 00                           Stx Puntero_Serial
215f 20 34                              Bra Fin_Terminal_Estado3
                        
2161                    Verificar_Vacio:
2161 1f 10 12 02 29                     Brclr Flags,Flag_Vaciado,Volver_Estado1
2166 4f d4 80 2b                        Brclr SC1SR1,$80,Fin_Terminal_Estado3
216a 96 d4                              Ldaa SC1SR1
216c fe 10 02                           Ldx Puntero_Aux
216f a6 30                              Ldaa 1,x+
2171 81 ff                              Cmpa #EOM
2173 27 07                              Beq Mensaje_Vaciado_Completo
2175 5a d7                              Staa SC1DRL
2177 7e 10 02                           Stx Puntero_Aux
217a 20 19                              Bra Fin_Terminal_Estado3
                        
217c                    Mensaje_Vaciado_Completo:
217c 18 0b 05 15 0f                     Movb #tTimer5s,Timer5s
2181 18 03 12 00 10 00                  Movw #MSG1,Puntero_Serial
2187 18 03 21 96 10 0c                  Movw #Terminal_Estado4,Estado_Terminal
218d 20 06                              Bra Fin_Terminal_Estado3
                        
218f                    Volver_Estado1:
218f 18 03 20 f1 10 0c                  Movw #Terminal_Estado1,Estado_Terminal
2195                    Fin_Terminal_Estado3:
2195 3d                                 Rts
                        
                        ;========================= TAREA TERMINAL ESTADO 4 =============================
2196                    Terminal_Estado4:
2196 f7 15 0f                           Tst Timer5s
2199 26 0a                              Bne Fin_Terminal_Estado4
219b 1d 10 12 02                        Bclr Flags,Flag_Vaciado
219f 18 03 20 f1 10 0c                  Movw #Terminal_Estado1,Estado_Terminal
21a5                    Fin_Terminal_Estado4:
21a5 3d                                 Rts
                        
                        ;******************************************************************************
                        ;                       SUBRUTINA BIN_ASCII
                        ;******************************************************************************
                        
21a6                    BIN_ASCII:
21a6 b6 10 0a                           Ldaa Volumen
21a9 c7                                 Clrb
21aa ce 00 0a                           Ldx #10
21ad 18 10                              Idiv
21af cb 30                              Addb #$30
21b1 7b 10 11                           Stab ASCII_Output+1
21b4 b7 54                              Tfr X,D
21b6 8b 30                              Adda #$30
21b8 7a 10 10                           Staa ASCII_Output
21bb 3d                                 Rts
                        
                        ;******************************************************************************
                        ;                       SUBRUTINA CALCULA
                        ;******************************************************************************
21bc                    Calcula:
21bc dc 90                              Ldd ADR00H
21be d3 92                              Addd ADR01H
21c0 d3 94                              Addd ADR02H
21c2 d3 96                              Addd ADR03H
21c4 49                                 Lsrd
21c5 49                                 Lsrd
21c6 7c 10 06                           Std NivelProm
                        
21c9 fc 10 06                           Ldd NivelProm
21cc cd 00 0d                           Ldy #13
21cf 13                                 Emul
21d0 ce 03 ff                           Ldx #1023
21d3 11                                 Ediv
21d4 7d 10 08                           Sty datoTemp
21d7 fc 10 08                           Ldd datoTemp
21da 7b 10 0b                           Stab Nivel
                        
21dd cc 1b 99                           Ldd #7065
21e0 fd 10 08                           Ldy datoTemp
21e3 13                                 Emul
21e4 ce 03 e8                           Ldx #1000
21e7 11                                 Ediv
21e8 7d 10 08                           Sty datoTemp
21eb fc 10 08                           Ldd datoTemp
21ee 7b 10 0a                           Stab Volumen
21f1 3d                                 Rts
                        
                        ;*******************************************************************************
                        ;                       SUBRUTINA DE ATENCION A MCCNT
                        ;*******************************************************************************
                        
21f2                    Maquina_Tiempos:
21f2 ce 15 00                          Ldx #Tabla_Timers_BaseT
21f5 16 22 51                          Jsr Decre_Timers_BaseT
21f8 4c 67 80                          Bset MCFLG, $80
21fb 0b                                RTI
                        
                        ;*******************************************************************************
                        ;                       SUBRUTINA DECRE_TABLATIMERS
                        ;*******************************************************************************
                        
21fc                    Decre_TablaTimers:
21fc fc 15 00                           Ldd Timer1mS
21ff 26 0c                              Bne Loop
2201 18 03 00 32 15 00                  Movw #tTimer1mS,Timer1mS
2207 ce 15 0a                           Ldx #Tabla_Timers_Base1mS
220a 16 22 41                           Jsr Decre_Timers
220d fc 15 02           Loop:           Ldd Timer10mS
2210 26 0c                              Bne Loop2
2212 18 03 01 f4 15 02                  Movw #tTimer10mS,Timer10mS
2218 ce 15 0b                           Ldx #Tabla_Timers_Base10mS
221b 16 22 41                           Jsr Decre_Timers
221e fc 15 04           Loop2:          Ldd Timer100mS
2221 26 0c                              Bne Loop3
2223 18 03 13 88 15 04                  Movw #tTimer100mS,Timer100mS
2229 ce 15 0c                           Ldx #Tabla_Timers_Base100mS
222c 16 22 41                           Jsr Decre_Timers
222f fc 15 06           Loop3:          Ldd Timer1S
2232 26 0c                              Bne Retornar
2234 18 03 c3 50 15 06                  Movw #tTimer1S,Timer1S
223a ce 15 0e                           Ldx #Tabla_Timers_Base1S
223d 16 22 41                           Jsr Decre_Timers
                        
2240 3d                 Retornar:       Rts
                        
                        ;*******************************************************************************
                        ;                       SUBRUTINA DECRE_TIMERS
                        ;*******************************************************************************
                        
2241                    Decre_Timers:
2241 e7 00                              Tst 0,X
2243 27 08                              Beq Incremento
2245 a6 00                              Ldaa 0,X
2247 81 ff                              Cmpa #$FF
2249 27 05                              Beq Retorno
224b 63 00                              Dec 0,X
                        
224d 08                 Incremento:     Inx
224e 20 f1                              Bra Decre_Timers
                        
2250 3d                 Retorno:        Rts
                        
                        ;*******************************************************************************
                        ;                       SUBRUTINA DECRE_TIMERS_BASET
                        ;*******************************************************************************
                        
2251                    Decre_Timers_BaseT:
2251 ed 31                             Ldy 2,X+
2253 8d 00 00                          Cpy #0
2256 27 f9                             Beq Decre_Timers_BaseT
2258 8d ff ff                          Cpy #$FFFF
225b 26 02                             Bne Siga
225d 20 05                             Bra Retorne
                        
225f 03                 Siga:          Dey
2260 6d 1e                             Sty -2,X
2262 20 ed                             Bra Decre_Timers_BaseT
                        
2264 3d                 Retorne:       Rts

Executed: Thu Nov 20 13:12:02 2025
Total cycles: 750, Total bytes: 832
Total errors: 0, Total warnings: 0
